[ERROR] (tests/my_lib.test.c:37: errno: None) Successfully failed.
